Archive member included to satisfy reference by file (symbol)

/usr/local/Cellar/avr-gcc/7.2.0/lib/avr-gcc/7/gcc/avr/7.2.0/avr5/libgcc.a(_udivmodqi4.o)
                              libraries/USART.o (__udivmodqi4)
/usr/local/Cellar/avr-gcc/7.2.0/lib/avr-gcc/7/gcc/avr/7.2.0/avr5/libgcc.a(_udivmodhi4.o)
                              libraries/USART.o (__udivmodhi4)
/usr/local/Cellar/avr-gcc/7.2.0/lib/avr-gcc/7/gcc/avr/7.2.0/avr5/libgcc.a(_exit.o)
                              /usr/local/Cellar/avr-gcc/7.2.0/lib/avr-gcc/7/gcc/avr/7.2.0/../../../../../../avr/lib/avr5/crtatmega328p.o (exit)
/usr/local/Cellar/avr-gcc/7.2.0/lib/avr-gcc/7/gcc/avr/7.2.0/avr5/libgcc.a(_copy_data.o)
                              MS5837.o (__do_copy_data)
/usr/local/Cellar/avr-gcc/7.2.0/lib/avr-gcc/7/gcc/avr/7.2.0/avr5/libgcc.a(_clear_bss.o)
                              main.o (__do_clear_bss)
/usr/local/Cellar/avr-gcc/7.2.0/lib/avr-gcc/7/gcc/avr/7.2.0/../../../../../../avr/lib/avr5/libm.a(fixunssfsi.o)
                              main.o (__fixunssfsi)
/usr/local/Cellar/avr-gcc/7.2.0/lib/avr-gcc/7/gcc/avr/7.2.0/../../../../../../avr/lib/avr5/libm.a(floatsisf.o)
                              main.o (__floatsisf)
/usr/local/Cellar/avr-gcc/7.2.0/lib/avr-gcc/7/gcc/avr/7.2.0/../../../../../../avr/lib/avr5/libm.a(fp_split3.o)
                              /usr/local/Cellar/avr-gcc/7.2.0/lib/avr-gcc/7/gcc/avr/7.2.0/../../../../../../avr/lib/avr5/libm.a(fixunssfsi.o) (__fp_splitA)
/usr/local/Cellar/avr-gcc/7.2.0/lib/avr-gcc/7/gcc/avr/7.2.0/../../../../../../avr/lib/avr5/libm.a(fp_zero.o)
                              /usr/local/Cellar/avr-gcc/7.2.0/lib/avr-gcc/7/gcc/avr/7.2.0/../../../../../../avr/lib/avr5/libm.a(fixunssfsi.o) (__fp_zero)
/usr/local/Cellar/avr-gcc/7.2.0/lib/avr-gcc/7/gcc/avr/7.2.0/../../../../../../avr/lib/avr5/libm.a(mulsf3.o)
                              main.o (__mulsf3)
/usr/local/Cellar/avr-gcc/7.2.0/lib/avr-gcc/7/gcc/avr/7.2.0/../../../../../../avr/lib/avr5/libm.a(mulsf3x.o)
                              /usr/local/Cellar/avr-gcc/7.2.0/lib/avr-gcc/7/gcc/avr/7.2.0/../../../../../../avr/lib/avr5/libm.a(mulsf3.o) (__mulsf3x)
/usr/local/Cellar/avr-gcc/7.2.0/lib/avr-gcc/7/gcc/avr/7.2.0/../../../../../../avr/lib/avr5/libm.a(fp_inf.o)
                              /usr/local/Cellar/avr-gcc/7.2.0/lib/avr-gcc/7/gcc/avr/7.2.0/../../../../../../avr/lib/avr5/libm.a(mulsf3x.o) (__fp_inf)
/usr/local/Cellar/avr-gcc/7.2.0/lib/avr-gcc/7/gcc/avr/7.2.0/../../../../../../avr/lib/avr5/libm.a(fp_nan.o)
                              /usr/local/Cellar/avr-gcc/7.2.0/lib/avr-gcc/7/gcc/avr/7.2.0/../../../../../../avr/lib/avr5/libm.a(mulsf3x.o) (__fp_nan)
/usr/local/Cellar/avr-gcc/7.2.0/lib/avr-gcc/7/gcc/avr/7.2.0/../../../../../../avr/lib/avr5/libm.a(fp_pscA.o)
                              /usr/local/Cellar/avr-gcc/7.2.0/lib/avr-gcc/7/gcc/avr/7.2.0/../../../../../../avr/lib/avr5/libm.a(mulsf3x.o) (__fp_pscA)
/usr/local/Cellar/avr-gcc/7.2.0/lib/avr-gcc/7/gcc/avr/7.2.0/../../../../../../avr/lib/avr5/libm.a(fp_pscB.o)
                              /usr/local/Cellar/avr-gcc/7.2.0/lib/avr-gcc/7/gcc/avr/7.2.0/../../../../../../avr/lib/avr5/libm.a(mulsf3x.o) (__fp_pscB)
/usr/local/Cellar/avr-gcc/7.2.0/lib/avr-gcc/7/gcc/avr/7.2.0/../../../../../../avr/lib/avr5/libm.a(fp_round.o)
                              /usr/local/Cellar/avr-gcc/7.2.0/lib/avr-gcc/7/gcc/avr/7.2.0/../../../../../../avr/lib/avr5/libm.a(mulsf3.o) (__fp_round)

Discarded input sections

 .data          0x0000000000000000        0x0 /usr/local/Cellar/avr-gcc/7.2.0/lib/avr-gcc/7/gcc/avr/7.2.0/../../../../../../avr/lib/avr5/crtatmega328p.o
 .bss           0x0000000000000000        0x0 /usr/local/Cellar/avr-gcc/7.2.0/lib/avr-gcc/7/gcc/avr/7.2.0/../../../../../../avr/lib/avr5/crtatmega328p.o
 .text          0x0000000000000000        0x0 MS5837.o
 .data          0x0000000000000000        0x0 MS5837.o
 .bss           0x0000000000000000        0x0 MS5837.o
 .rodata.initMS5837.str1.1
                0x0000000000000000       0x11 MS5837.o
 .text.initMS5837
                0x0000000000000000       0x56 MS5837.o
 .debug_info    0x0000000000000000      0x228 MS5837.o
 .debug_abbrev  0x0000000000000000      0x103 MS5837.o
 .debug_loc     0x0000000000000000       0x8c MS5837.o
 .debug_aranges
                0x0000000000000000       0x20 MS5837.o
 .debug_ranges  0x0000000000000000       0x10 MS5837.o
 .debug_line    0x0000000000000000      0x131 MS5837.o
 .debug_str     0x0000000000000000      0x1da MS5837.o
 .comment       0x0000000000000000       0x12 MS5837.o
 .debug_frame   0x0000000000000000       0x24 MS5837.o
 .text          0x0000000000000000        0x0 main.o
 .data          0x0000000000000000        0x0 main.o
 .bss           0x0000000000000000        0x0 main.o
 .text          0x0000000000000000        0x0 libraries/USART.o
 .data          0x0000000000000000        0x0 libraries/USART.o
 .bss           0x0000000000000000        0x0 libraries/USART.o
 .text.readString
                0x0000000000000000       0x58 libraries/USART.o
 .text.printByte
                0x0000000000000000       0x32 libraries/USART.o
 .text.printWord
                0x0000000000000000       0x76 libraries/USART.o
 .text.nibbleToHexCharacter
                0x0000000000000000        0xc libraries/USART.o
 .text.printHexByte
                0x0000000000000000       0x1e libraries/USART.o
 .text          0x0000000000000000        0x0 libraries/i2c.o
 .data          0x0000000000000000        0x0 libraries/i2c.o
 .bss           0x0000000000000000        0x0 libraries/i2c.o
 .text.i2c_init
                0x0000000000000000        0x8 libraries/i2c.o
 .text.i2c_start
                0x0000000000000000       0x44 libraries/i2c.o
 .text.i2c_write
                0x0000000000000000       0x22 libraries/i2c.o
 .text.i2c_read_ack
                0x0000000000000000       0x14 libraries/i2c.o
 .text.i2c_read_nack
                0x0000000000000000       0x14 libraries/i2c.o
 .text.i2c_transmit
                0x0000000000000000       0x54 libraries/i2c.o
 .text.i2c_receive
                0x0000000000000000       0x62 libraries/i2c.o
 .text.i2c_writeReg
                0x0000000000000000       0x5c libraries/i2c.o
 .text.i2c_readReg
                0x0000000000000000       0x78 libraries/i2c.o
 .text.i2c_stop
                0x0000000000000000        0x8 libraries/i2c.o
 .debug_info    0x0000000000000000      0x3fb libraries/i2c.o
 .debug_abbrev  0x0000000000000000      0x182 libraries/i2c.o
 .debug_loc     0x0000000000000000      0x4ff libraries/i2c.o
 .debug_aranges
                0x0000000000000000       0x68 libraries/i2c.o
 .debug_ranges  0x0000000000000000       0xc0 libraries/i2c.o
 .debug_line    0x0000000000000000      0x29e libraries/i2c.o
 .debug_str     0x0000000000000000      0x1f1 libraries/i2c.o
 .comment       0x0000000000000000       0x12 libraries/i2c.o
 .debug_frame   0x0000000000000000      0x144 libraries/i2c.o
 .text          0x0000000000000000        0x0 /usr/local/Cellar/avr-gcc/7.2.0/lib/avr-gcc/7/gcc/avr/7.2.0/avr5/libgcc.a(_udivmodqi4.o)
 .data          0x0000000000000000        0x0 /usr/local/Cellar/avr-gcc/7.2.0/lib/avr-gcc/7/gcc/avr/7.2.0/avr5/libgcc.a(_udivmodqi4.o)
 .bss           0x0000000000000000        0x0 /usr/local/Cellar/avr-gcc/7.2.0/lib/avr-gcc/7/gcc/avr/7.2.0/avr5/libgcc.a(_udivmodqi4.o)
 .text.libgcc.mul
                0x0000000000000000        0x0 /usr/local/Cellar/avr-gcc/7.2.0/lib/avr-gcc/7/gcc/avr/7.2.0/avr5/libgcc.a(_udivmodqi4.o)
 .text.libgcc.div
                0x0000000000000000       0x18 /usr/local/Cellar/avr-gcc/7.2.0/lib/avr-gcc/7/gcc/avr/7.2.0/avr5/libgcc.a(_udivmodqi4.o)
 .text.libgcc   0x0000000000000000        0x0 /usr/local/Cellar/avr-gcc/7.2.0/lib/avr-gcc/7/gcc/avr/7.2.0/avr5/libgcc.a(_udivmodqi4.o)
 .text.libgcc.prologue
                0x0000000000000000        0x0 /usr/local/Cellar/avr-gcc/7.2.0/lib/avr-gcc/7/gcc/avr/7.2.0/avr5/libgcc.a(_udivmodqi4.o)
 .text.libgcc.builtins
                0x0000000000000000        0x0 /usr/local/Cellar/avr-gcc/7.2.0/lib/avr-gcc/7/gcc/avr/7.2.0/avr5/libgcc.a(_udivmodqi4.o)
 .text.libgcc.fmul
                0x0000000000000000        0x0 /usr/local/Cellar/avr-gcc/7.2.0/lib/avr-gcc/7/gcc/avr/7.2.0/avr5/libgcc.a(_udivmodqi4.o)
 .text.libgcc.fixed
                0x0000000000000000        0x0 /usr/local/Cellar/avr-gcc/7.2.0/lib/avr-gcc/7/gcc/avr/7.2.0/avr5/libgcc.a(_udivmodqi4.o)
 .debug_line    0x0000000000000000       0x9d /usr/local/Cellar/avr-gcc/7.2.0/lib/avr-gcc/7/gcc/avr/7.2.0/avr5/libgcc.a(_udivmodqi4.o)
 .debug_info    0x0000000000000000       0x26 /usr/local/Cellar/avr-gcc/7.2.0/lib/avr-gcc/7/gcc/avr/7.2.0/avr5/libgcc.a(_udivmodqi4.o)
 .debug_abbrev  0x0000000000000000       0x14 /usr/local/Cellar/avr-gcc/7.2.0/lib/avr-gcc/7/gcc/avr/7.2.0/avr5/libgcc.a(_udivmodqi4.o)
 .debug_aranges
                0x0000000000000000       0x20 /usr/local/Cellar/avr-gcc/7.2.0/lib/avr-gcc/7/gcc/avr/7.2.0/avr5/libgcc.a(_udivmodqi4.o)
 .debug_str     0x0000000000000000       0x82 /usr/local/Cellar/avr-gcc/7.2.0/lib/avr-gcc/7/gcc/avr/7.2.0/avr5/libgcc.a(_udivmodqi4.o)
 .text          0x0000000000000000        0x0 /usr/local/Cellar/avr-gcc/7.2.0/lib/avr-gcc/7/gcc/avr/7.2.0/avr5/libgcc.a(_udivmodhi4.o)
 .data          0x0000000000000000        0x0 /usr/local/Cellar/avr-gcc/7.2.0/lib/avr-gcc/7/gcc/avr/7.2.0/avr5/libgcc.a(_udivmodhi4.o)
 .bss           0x0000000000000000        0x0 /usr/local/Cellar/avr-gcc/7.2.0/lib/avr-gcc/7/gcc/avr/7.2.0/avr5/libgcc.a(_udivmodhi4.o)
 .text.libgcc.mul
                0x0000000000000000        0x0 /usr/local/Cellar/avr-gcc/7.2.0/lib/avr-gcc/7/gcc/avr/7.2.0/avr5/libgcc.a(_udivmodhi4.o)
 .text.libgcc.div
                0x0000000000000000       0x28 /usr/local/Cellar/avr-gcc/7.2.0/lib/avr-gcc/7/gcc/avr/7.2.0/avr5/libgcc.a(_udivmodhi4.o)
 .text.libgcc   0x0000000000000000        0x0 /usr/local/Cellar/avr-gcc/7.2.0/lib/avr-gcc/7/gcc/avr/7.2.0/avr5/libgcc.a(_udivmodhi4.o)
 .text.libgcc.prologue
                0x0000000000000000        0x0 /usr/local/Cellar/avr-gcc/7.2.0/lib/avr-gcc/7/gcc/avr/7.2.0/avr5/libgcc.a(_udivmodhi4.o)
 .text.libgcc.builtins
                0x0000000000000000        0x0 /usr/local/Cellar/avr-gcc/7.2.0/lib/avr-gcc/7/gcc/avr/7.2.0/avr5/libgcc.a(_udivmodhi4.o)
 .text.libgcc.fmul
                0x0000000000000000        0x0 /usr/local/Cellar/avr-gcc/7.2.0/lib/avr-gcc/7/gcc/avr/7.2.0/avr5/libgcc.a(_udivmodhi4.o)
 .text.libgcc.fixed
                0x0000000000000000        0x0 /usr/local/Cellar/avr-gcc/7.2.0/lib/avr-gcc/7/gcc/avr/7.2.0/avr5/libgcc.a(_udivmodhi4.o)
 .debug_line    0x0000000000000000       0xcd /usr/local/Cellar/avr-gcc/7.2.0/lib/avr-gcc/7/gcc/avr/7.2.0/avr5/libgcc.a(_udivmodhi4.o)
 .debug_info    0x0000000000000000       0x26 /usr/local/Cellar/avr-gcc/7.2.0/lib/avr-gcc/7/gcc/avr/7.2.0/avr5/libgcc.a(_udivmodhi4.o)
 .debug_abbrev  0x0000000000000000       0x14 /usr/local/Cellar/avr-gcc/7.2.0/lib/avr-gcc/7/gcc/avr/7.2.0/avr5/libgcc.a(_udivmodhi4.o)
 .debug_aranges
                0x0000000000000000       0x20 /usr/local/Cellar/avr-gcc/7.2.0/lib/avr-gcc/7/gcc/avr/7.2.0/avr5/libgcc.a(_udivmodhi4.o)
 .debug_str     0x0000000000000000       0x82 /usr/local/Cellar/avr-gcc/7.2.0/lib/avr-gcc/7/gcc/avr/7.2.0/avr5/libgcc.a(_udivmodhi4.o)
 .text          0x0000000000000000        0x0 /usr/local/Cellar/avr-gcc/7.2.0/lib/avr-gcc/7/gcc/avr/7.2.0/avr5/libgcc.a(_exit.o)
 .data          0x0000000000000000        0x0 /usr/local/Cellar/avr-gcc/7.2.0/lib/avr-gcc/7/gcc/avr/7.2.0/avr5/libgcc.a(_exit.o)
 .bss           0x0000000000000000        0x0 /usr/local/Cellar/avr-gcc/7.2.0/lib/avr-gcc/7/gcc/avr/7.2.0/avr5/libgcc.a(_exit.o)
 .text.libgcc.mul
                0x0000000000000000        0x0 /usr/local/Cellar/avr-gcc/7.2.0/lib/avr-gcc/7/gcc/avr/7.2.0/avr5/libgcc.a(_exit.o)
 .text.libgcc.div
                0x0000000000000000        0x0 /usr/local/Cellar/avr-gcc/7.2.0/lib/avr-gcc/7/gcc/avr/7.2.0/avr5/libgcc.a(_exit.o)
 .text.libgcc   0x0000000000000000        0x0 /usr/local/Cellar/avr-gcc/7.2.0/lib/avr-gcc/7/gcc/avr/7.2.0/avr5/libgcc.a(_exit.o)
 .text.libgcc.prologue
                0x0000000000000000        0x0 /usr/local/Cellar/avr-gcc/7.2.0/lib/avr-gcc/7/gcc/avr/7.2.0/avr5/libgcc.a(_exit.o)
 .text.libgcc.builtins
                0x0000000000000000        0x0 /usr/local/Cellar/avr-gcc/7.2.0/lib/avr-gcc/7/gcc/avr/7.2.0/avr5/libgcc.a(_exit.o)
 .text.libgcc.fmul
                0x0000000000000000        0x0 /usr/local/Cellar/avr-gcc/7.2.0/lib/avr-gcc/7/gcc/avr/7.2.0/avr5/libgcc.a(_exit.o)
 .text.libgcc.fixed
                0x0000000000000000        0x0 /usr/local/Cellar/avr-gcc/7.2.0/lib/avr-gcc/7/gcc/avr/7.2.0/avr5/libgcc.a(_exit.o)
 .text          0x0000000000000000        0x0 /usr/local/Cellar/avr-gcc/7.2.0/lib/avr-gcc/7/gcc/avr/7.2.0/avr5/libgcc.a(_copy_data.o)
 .data          0x0000000000000000        0x0 /usr/local/Cellar/avr-gcc/7.2.0/lib/avr-gcc/7/gcc/avr/7.2.0/avr5/libgcc.a(_copy_data.o)
 .bss           0x0000000000000000        0x0 /usr/local/Cellar/avr-gcc/7.2.0/lib/avr-gcc/7/gcc/avr/7.2.0/avr5/libgcc.a(_copy_data.o)
 .text.libgcc.mul
                0x0000000000000000        0x0 /usr/local/Cellar/avr-gcc/7.2.0/lib/avr-gcc/7/gcc/avr/7.2.0/avr5/libgcc.a(_copy_data.o)
 .text.libgcc.div
                0x0000000000000000        0x0 /usr/local/Cellar/avr-gcc/7.2.0/lib/avr-gcc/7/gcc/avr/7.2.0/avr5/libgcc.a(_copy_data.o)
 .text.libgcc   0x0000000000000000        0x0 /usr/local/Cellar/avr-gcc/7.2.0/lib/avr-gcc/7/gcc/avr/7.2.0/avr5/libgcc.a(_copy_data.o)
 .text.libgcc.prologue
                0x0000000000000000        0x0 /usr/local/Cellar/avr-gcc/7.2.0/lib/avr-gcc/7/gcc/avr/7.2.0/avr5/libgcc.a(_copy_data.o)
 .text.libgcc.builtins
                0x0000000000000000        0x0 /usr/local/Cellar/avr-gcc/7.2.0/lib/avr-gcc/7/gcc/avr/7.2.0/avr5/libgcc.a(_copy_data.o)
 .text.libgcc.fmul
                0x0000000000000000        0x0 /usr/local/Cellar/avr-gcc/7.2.0/lib/avr-gcc/7/gcc/avr/7.2.0/avr5/libgcc.a(_copy_data.o)
 .text.libgcc.fixed
                0x0000000000000000        0x0 /usr/local/Cellar/avr-gcc/7.2.0/lib/avr-gcc/7/gcc/avr/7.2.0/avr5/libgcc.a(_copy_data.o)
 .text          0x0000000000000000        0x0 /usr/local/Cellar/avr-gcc/7.2.0/lib/avr-gcc/7/gcc/avr/7.2.0/avr5/libgcc.a(_clear_bss.o)
 .data          0x0000000000000000        0x0 /usr/local/Cellar/avr-gcc/7.2.0/lib/avr-gcc/7/gcc/avr/7.2.0/avr5/libgcc.a(_clear_bss.o)
 .bss           0x0000000000000000        0x0 /usr/local/Cellar/avr-gcc/7.2.0/lib/avr-gcc/7/gcc/avr/7.2.0/avr5/libgcc.a(_clear_bss.o)
 .text.libgcc.mul
                0x0000000000000000        0x0 /usr/local/Cellar/avr-gcc/7.2.0/lib/avr-gcc/7/gcc/avr/7.2.0/avr5/libgcc.a(_clear_bss.o)
 .text.libgcc.div
                0x0000000000000000        0x0 /usr/local/Cellar/avr-gcc/7.2.0/lib/avr-gcc/7/gcc/avr/7.2.0/avr5/libgcc.a(_clear_bss.o)
 .text.libgcc   0x0000000000000000        0x0 /usr/local/Cellar/avr-gcc/7.2.0/lib/avr-gcc/7/gcc/avr/7.2.0/avr5/libgcc.a(_clear_bss.o)
 .text.libgcc.prologue
                0x0000000000000000        0x0 /usr/local/Cellar/avr-gcc/7.2.0/lib/avr-gcc/7/gcc/avr/7.2.0/avr5/libgcc.a(_clear_bss.o)
 .text.libgcc.builtins
                0x0000000000000000        0x0 /usr/local/Cellar/avr-gcc/7.2.0/lib/avr-gcc/7/gcc/avr/7.2.0/avr5/libgcc.a(_clear_bss.o)
 .text.libgcc.fmul
                0x0000000000000000        0x0 /usr/local/Cellar/avr-gcc/7.2.0/lib/avr-gcc/7/gcc/avr/7.2.0/avr5/libgcc.a(_clear_bss.o)
 .text.libgcc.fixed
                0x0000000000000000        0x0 /usr/local/Cellar/avr-gcc/7.2.0/lib/avr-gcc/7/gcc/avr/7.2.0/avr5/libgcc.a(_clear_bss.o)
 .text          0x0000000000000000        0x0 /usr/local/Cellar/avr-gcc/7.2.0/lib/avr-gcc/7/gcc/avr/7.2.0/../../../../../../avr/lib/avr5/libm.a(fixunssfsi.o)
 .data          0x0000000000000000        0x0 /usr/local/Cellar/avr-gcc/7.2.0/lib/avr-gcc/7/gcc/avr/7.2.0/../../../../../../avr/lib/avr5/libm.a(fixunssfsi.o)
 .bss           0x0000000000000000        0x0 /usr/local/Cellar/avr-gcc/7.2.0/lib/avr-gcc/7/gcc/avr/7.2.0/../../../../../../avr/lib/avr5/libm.a(fixunssfsi.o)
 .text          0x0000000000000000        0x0 /usr/local/Cellar/avr-gcc/7.2.0/lib/avr-gcc/7/gcc/avr/7.2.0/../../../../../../avr/lib/avr5/libm.a(floatsisf.o)
 .data          0x0000000000000000        0x0 /usr/local/Cellar/avr-gcc/7.2.0/lib/avr-gcc/7/gcc/avr/7.2.0/../../../../../../avr/lib/avr5/libm.a(floatsisf.o)
 .bss           0x0000000000000000        0x0 /usr/local/Cellar/avr-gcc/7.2.0/lib/avr-gcc/7/gcc/avr/7.2.0/../../../../../../avr/lib/avr5/libm.a(floatsisf.o)
 .text          0x0000000000000000        0x0 /usr/local/Cellar/avr-gcc/7.2.0/lib/avr-gcc/7/gcc/avr/7.2.0/../../../../../../avr/lib/avr5/libm.a(fp_split3.o)
 .data          0x0000000000000000        0x0 /usr/local/Cellar/avr-gcc/7.2.0/lib/avr-gcc/7/gcc/avr/7.2.0/../../../../../../avr/lib/avr5/libm.a(fp_split3.o)
 .bss           0x0000000000000000        0x0 /usr/local/Cellar/avr-gcc/7.2.0/lib/avr-gcc/7/gcc/avr/7.2.0/../../../../../../avr/lib/avr5/libm.a(fp_split3.o)
 .text          0x0000000000000000        0x0 /usr/local/Cellar/avr-gcc/7.2.0/lib/avr-gcc/7/gcc/avr/7.2.0/../../../../../../avr/lib/avr5/libm.a(fp_zero.o)
 .data          0x0000000000000000        0x0 /usr/local/Cellar/avr-gcc/7.2.0/lib/avr-gcc/7/gcc/avr/7.2.0/../../../../../../avr/lib/avr5/libm.a(fp_zero.o)
 .bss           0x0000000000000000        0x0 /usr/local/Cellar/avr-gcc/7.2.0/lib/avr-gcc/7/gcc/avr/7.2.0/../../../../../../avr/lib/avr5/libm.a(fp_zero.o)
 .text          0x0000000000000000        0x0 /usr/local/Cellar/avr-gcc/7.2.0/lib/avr-gcc/7/gcc/avr/7.2.0/../../../../../../avr/lib/avr5/libm.a(mulsf3.o)
 .data          0x0000000000000000        0x0 /usr/local/Cellar/avr-gcc/7.2.0/lib/avr-gcc/7/gcc/avr/7.2.0/../../../../../../avr/lib/avr5/libm.a(mulsf3.o)
 .bss           0x0000000000000000        0x0 /usr/local/Cellar/avr-gcc/7.2.0/lib/avr-gcc/7/gcc/avr/7.2.0/../../../../../../avr/lib/avr5/libm.a(mulsf3.o)
 .text          0x0000000000000000        0x0 /usr/local/Cellar/avr-gcc/7.2.0/lib/avr-gcc/7/gcc/avr/7.2.0/../../../../../../avr/lib/avr5/libm.a(mulsf3x.o)
 .data          0x0000000000000000        0x0 /usr/local/Cellar/avr-gcc/7.2.0/lib/avr-gcc/7/gcc/avr/7.2.0/../../../../../../avr/lib/avr5/libm.a(mulsf3x.o)
 .bss           0x0000000000000000        0x0 /usr/local/Cellar/avr-gcc/7.2.0/lib/avr-gcc/7/gcc/avr/7.2.0/../../../../../../avr/lib/avr5/libm.a(mulsf3x.o)
 .text          0x0000000000000000        0x0 /usr/local/Cellar/avr-gcc/7.2.0/lib/avr-gcc/7/gcc/avr/7.2.0/../../../../../../avr/lib/avr5/libm.a(fp_inf.o)
 .data          0x0000000000000000        0x0 /usr/local/Cellar/avr-gcc/7.2.0/lib/avr-gcc/7/gcc/avr/7.2.0/../../../../../../avr/lib/avr5/libm.a(fp_inf.o)
 .bss           0x0000000000000000        0x0 /usr/local/Cellar/avr-gcc/7.2.0/lib/avr-gcc/7/gcc/avr/7.2.0/../../../../../../avr/lib/avr5/libm.a(fp_inf.o)
 .text          0x0000000000000000        0x0 /usr/local/Cellar/avr-gcc/7.2.0/lib/avr-gcc/7/gcc/avr/7.2.0/../../../../../../avr/lib/avr5/libm.a(fp_nan.o)
 .data          0x0000000000000000        0x0 /usr/local/Cellar/avr-gcc/7.2.0/lib/avr-gcc/7/gcc/avr/7.2.0/../../../../../../avr/lib/avr5/libm.a(fp_nan.o)
 .bss           0x0000000000000000        0x0 /usr/local/Cellar/avr-gcc/7.2.0/lib/avr-gcc/7/gcc/avr/7.2.0/../../../../../../avr/lib/avr5/libm.a(fp_nan.o)
 .text          0x0000000000000000        0x0 /usr/local/Cellar/avr-gcc/7.2.0/lib/avr-gcc/7/gcc/avr/7.2.0/../../../../../../avr/lib/avr5/libm.a(fp_pscA.o)
 .data          0x0000000000000000        0x0 /usr/local/Cellar/avr-gcc/7.2.0/lib/avr-gcc/7/gcc/avr/7.2.0/../../../../../../avr/lib/avr5/libm.a(fp_pscA.o)
 .bss           0x0000000000000000        0x0 /usr/local/Cellar/avr-gcc/7.2.0/lib/avr-gcc/7/gcc/avr/7.2.0/../../../../../../avr/lib/avr5/libm.a(fp_pscA.o)
 .text          0x0000000000000000        0x0 /usr/local/Cellar/avr-gcc/7.2.0/lib/avr-gcc/7/gcc/avr/7.2.0/../../../../../../avr/lib/avr5/libm.a(fp_pscB.o)
 .data          0x0000000000000000        0x0 /usr/local/Cellar/avr-gcc/7.2.0/lib/avr-gcc/7/gcc/avr/7.2.0/../../../../../../avr/lib/avr5/libm.a(fp_pscB.o)
 .bss           0x0000000000000000        0x0 /usr/local/Cellar/avr-gcc/7.2.0/lib/avr-gcc/7/gcc/avr/7.2.0/../../../../../../avr/lib/avr5/libm.a(fp_pscB.o)
 .text          0x0000000000000000        0x0 /usr/local/Cellar/avr-gcc/7.2.0/lib/avr-gcc/7/gcc/avr/7.2.0/../../../../../../avr/lib/avr5/libm.a(fp_round.o)
 .data          0x0000000000000000        0x0 /usr/local/Cellar/avr-gcc/7.2.0/lib/avr-gcc/7/gcc/avr/7.2.0/../../../../../../avr/lib/avr5/libm.a(fp_round.o)
 .bss           0x0000000000000000        0x0 /usr/local/Cellar/avr-gcc/7.2.0/lib/avr-gcc/7/gcc/avr/7.2.0/../../../../../../avr/lib/avr5/libm.a(fp_round.o)

Memory Configuration

Name             Origin             Length             Attributes
text             0x0000000000000000 0x0000000000020000 xr
data             0x0000000000800060 0x000000000000ffa0 rw !x
eeprom           0x0000000000810000 0x0000000000010000 rw !x
fuse             0x0000000000820000 0x0000000000000400 rw !x
lock             0x0000000000830000 0x0000000000000400 rw !x
signature        0x0000000000840000 0x0000000000000400 rw !x
user_signatures  0x0000000000850000 0x0000000000000400 rw !x
*default*        0x0000000000000000 0xffffffffffffffff

Linker script and memory map

Address of section .data set to 0x800100
LOAD /usr/local/Cellar/avr-gcc/7.2.0/lib/avr-gcc/7/gcc/avr/7.2.0/../../../../../../avr/lib/avr5/crtatmega328p.o
LOAD MS5837.o
LOAD main.o
LOAD libraries/USART.o
LOAD libraries/i2c.o
START GROUP
LOAD /usr/local/Cellar/avr-gcc/7.2.0/lib/avr-gcc/7/gcc/avr/7.2.0/avr5/libgcc.a
LOAD /usr/local/Cellar/avr-gcc/7.2.0/lib/avr-gcc/7/gcc/avr/7.2.0/../../../../../../avr/lib/avr5/libm.a
LOAD /usr/local/Cellar/avr-gcc/7.2.0/lib/avr-gcc/7/gcc/avr/7.2.0/../../../../../../avr/lib/avr5/libc.a
LOAD /usr/local/Cellar/avr-gcc/7.2.0/lib/avr-gcc/7/gcc/avr/7.2.0/../../../../../../avr/lib/avr5/libatmega328p.a
END GROUP
                0x0000000000020000                __TEXT_REGION_LENGTH__ = DEFINED (__TEXT_REGION_LENGTH__)?__TEXT_REGION_LENGTH__:0x20000
                0x000000000000ffa0                __DATA_REGION_LENGTH__ = DEFINED (__DATA_REGION_LENGTH__)?__DATA_REGION_LENGTH__:0xffa0
                0x0000000000010000                __EEPROM_REGION_LENGTH__ = DEFINED (__EEPROM_REGION_LENGTH__)?__EEPROM_REGION_LENGTH__:0x10000
                0x0000000000000400                __FUSE_REGION_LENGTH__ = DEFINED (__FUSE_REGION_LENGTH__)?__FUSE_REGION_LENGTH__:0x400
                0x0000000000000400                __LOCK_REGION_LENGTH__ = DEFINED (__LOCK_REGION_LENGTH__)?__LOCK_REGION_LENGTH__:0x400
                0x0000000000000400                __SIGNATURE_REGION_LENGTH__ = DEFINED (__SIGNATURE_REGION_LENGTH__)?__SIGNATURE_REGION_LENGTH__:0x400
                0x0000000000000400                __USER_SIGNATURE_REGION_LENGTH__ = DEFINED (__USER_SIGNATURE_REGION_LENGTH__)?__USER_SIGNATURE_REGION_LENGTH__:0x400

.hash
 *(.hash)

.dynsym
 *(.dynsym)

.dynstr
 *(.dynstr)

.gnu.version
 *(.gnu.version)

.gnu.version_d
 *(.gnu.version_d)

.gnu.version_r
 *(.gnu.version_r)

.rel.init
 *(.rel.init)

.rela.init
 *(.rela.init)

.rel.text
 *(.rel.text)
 *(.rel.text.*)
 *(.rel.gnu.linkonce.t*)

.rela.text
 *(.rela.text)
 *(.rela.text.*)
 *(.rela.gnu.linkonce.t*)

.rel.fini
 *(.rel.fini)

.rela.fini
 *(.rela.fini)

.rel.rodata
 *(.rel.rodata)
 *(.rel.rodata.*)
 *(.rel.gnu.linkonce.r*)

.rela.rodata
 *(.rela.rodata)
 *(.rela.rodata.*)
 *(.rela.gnu.linkonce.r*)

.rel.data
 *(.rel.data)
 *(.rel.data.*)
 *(.rel.gnu.linkonce.d*)

.rela.data
 *(.rela.data)
 *(.rela.data.*)
 *(.rela.gnu.linkonce.d*)

.rel.ctors
 *(.rel.ctors)

.rela.ctors
 *(.rela.ctors)

.rel.dtors
 *(.rel.dtors)

.rela.dtors
 *(.rela.dtors)

.rel.got
 *(.rel.got)

.rela.got
 *(.rela.got)

.rel.bss
 *(.rel.bss)

.rela.bss
 *(.rela.bss)

.rel.plt
 *(.rel.plt)

.rela.plt
 *(.rela.plt)

.text           0x0000000000000000      0x518
 *(.vectors)
 .vectors       0x0000000000000000       0x68 /usr/local/Cellar/avr-gcc/7.2.0/lib/avr-gcc/7/gcc/avr/7.2.0/../../../../../../avr/lib/avr5/crtatmega328p.o
                0x0000000000000000                __vectors
                0x0000000000000000                __vector_default
 *(.vectors)
 *(.progmem.gcc*)
                0x0000000000000068                . = ALIGN (0x2)
                0x0000000000000068                __trampolines_start = .
 *(.trampolines)
 .trampolines   0x0000000000000068        0x0 linker stubs
 *(.trampolines*)
                0x0000000000000068                __trampolines_end = .
 *libprintf_flt.a:*(.progmem.data)
 *libc.a:*(.progmem.data)
 *(.progmem*)
                0x0000000000000068                . = ALIGN (0x2)
 *(.lowtext)
 *(.lowtext*)
                0x0000000000000068                __ctors_start = .
 *(.ctors)
                0x0000000000000068                __ctors_end = .
                0x0000000000000068                __dtors_start = .
 *(.dtors)
                0x0000000000000068                __dtors_end = .
 SORT(*)(.ctors)
 SORT(*)(.dtors)
 *(.init0)
 .init0         0x0000000000000068        0x0 /usr/local/Cellar/avr-gcc/7.2.0/lib/avr-gcc/7/gcc/avr/7.2.0/../../../../../../avr/lib/avr5/crtatmega328p.o
                0x0000000000000068                __init
 *(.init0)
 *(.init1)
 *(.init1)
 *(.init2)
 .init2         0x0000000000000068        0xc /usr/local/Cellar/avr-gcc/7.2.0/lib/avr-gcc/7/gcc/avr/7.2.0/../../../../../../avr/lib/avr5/crtatmega328p.o
 *(.init2)
 *(.init3)
 *(.init3)
 *(.init4)
 .init4         0x0000000000000074       0x16 /usr/local/Cellar/avr-gcc/7.2.0/lib/avr-gcc/7/gcc/avr/7.2.0/avr5/libgcc.a(_copy_data.o)
                0x0000000000000074                __do_copy_data
 .init4         0x000000000000008a       0x10 /usr/local/Cellar/avr-gcc/7.2.0/lib/avr-gcc/7/gcc/avr/7.2.0/avr5/libgcc.a(_clear_bss.o)
                0x000000000000008a                __do_clear_bss
 *(.init4)
 *(.init5)
 *(.init5)
 *(.init6)
 *(.init6)
 *(.init7)
 *(.init7)
 *(.init8)
 *(.init8)
 *(.init9)
 .init9         0x000000000000009a        0x8 /usr/local/Cellar/avr-gcc/7.2.0/lib/avr-gcc/7/gcc/avr/7.2.0/../../../../../../avr/lib/avr5/crtatmega328p.o
 *(.init9)
 *(.text)
 .text          0x00000000000000a2        0x4 /usr/local/Cellar/avr-gcc/7.2.0/lib/avr-gcc/7/gcc/avr/7.2.0/../../../../../../avr/lib/avr5/crtatmega328p.o
                0x00000000000000a2                __vector_20
                0x00000000000000a2                __vector_1
                0x00000000000000a2                __vector_24
                0x00000000000000a2                __vector_12
                0x00000000000000a2                __bad_interrupt
                0x00000000000000a2                __vector_6
                0x00000000000000a2                __vector_3
                0x00000000000000a2                __vector_23
                0x00000000000000a2                __vector_25
                0x00000000000000a2                __vector_13
                0x00000000000000a2                __vector_17
                0x00000000000000a2                __vector_19
                0x00000000000000a2                __vector_7
                0x00000000000000a2                __vector_5
                0x00000000000000a2                __vector_4
                0x00000000000000a2                __vector_9
                0x00000000000000a2                __vector_2
                0x00000000000000a2                __vector_21
                0x00000000000000a2                __vector_15
                0x00000000000000a2                __vector_8
                0x00000000000000a2                __vector_14
                0x00000000000000a2                __vector_10
                0x00000000000000a2                __vector_16
                0x00000000000000a2                __vector_18
                0x00000000000000a2                __vector_22
                0x00000000000000a6                . = ALIGN (0x2)
 *(.text.*)
 .text.__vector_11
                0x00000000000000a6       0x78 main.o
                0x00000000000000a6                __vector_11
 .text.initControlLoopTimer
                0x000000000000011e       0x2c main.o
                0x000000000000011e                initControlLoopTimer
 .text.initPWMTimer
                0x000000000000014a       0x12 main.o
                0x000000000000014a                initPWMTimer
 .text.initDirectControlPot
                0x000000000000015c       0x26 main.o
                0x000000000000015c                initDirectControlPot
 .text.startup.main
                0x0000000000000182       0x5a main.o
                0x0000000000000182                main
 .text.initUSART
                0x00000000000001dc       0x22 libraries/USART.o
                0x00000000000001dc                initUSART
 .text.transmitByte
                0x00000000000001fe        0xe libraries/USART.o
                0x00000000000001fe                transmitByte
 .text.receiveByte
                0x000000000000020c        0xe libraries/USART.o
                0x000000000000020c                receiveByte
 .text.printString
                0x000000000000021a       0x26 libraries/USART.o
                0x000000000000021a                printString
 .text.printBinaryByte
                0x0000000000000240       0x3a libraries/USART.o
                0x0000000000000240                printBinaryByte
 .text.getNumber
                0x000000000000027a       0x46 libraries/USART.o
                0x000000000000027a                getNumber
 .text.avr-libc.fplib
                0x00000000000002c0       0x5e /usr/local/Cellar/avr-gcc/7.2.0/lib/avr-gcc/7/gcc/avr/7.2.0/../../../../../../avr/lib/avr5/libm.a(fixunssfsi.o)
                0x00000000000002c0                __fixunssfsi
 .text.avr-libc.fplib
                0x000000000000031e       0x7a /usr/local/Cellar/avr-gcc/7.2.0/lib/avr-gcc/7/gcc/avr/7.2.0/../../../../../../avr/lib/avr5/libm.a(floatsisf.o)
                0x000000000000031e                __floatunsisf
                0x0000000000000322                __floatsisf
 .text.avr-libc.fplib
                0x0000000000000398       0x44 /usr/local/Cellar/avr-gcc/7.2.0/lib/avr-gcc/7/gcc/avr/7.2.0/../../../../../../avr/lib/avr5/libm.a(fp_split3.o)
                0x0000000000000398                __fp_split3
                0x00000000000003a8                __fp_splitA
 .text.avr-libc.fplib
                0x00000000000003dc        0xe /usr/local/Cellar/avr-gcc/7.2.0/lib/avr-gcc/7/gcc/avr/7.2.0/../../../../../../avr/lib/avr5/libm.a(fp_zero.o)
                0x00000000000003dc                __fp_zero
                0x00000000000003de                __fp_szero
 .text.avr-libc.fplib
                0x00000000000003ea        0x8 /usr/local/Cellar/avr-gcc/7.2.0/lib/avr-gcc/7/gcc/avr/7.2.0/../../../../../../avr/lib/avr5/libm.a(mulsf3.o)
                0x00000000000003ea                __mulsf3
 .text.avr-libc.fplib
                0x00000000000003f2       0xd2 /usr/local/Cellar/avr-gcc/7.2.0/lib/avr-gcc/7/gcc/avr/7.2.0/../../../../../../avr/lib/avr5/libm.a(mulsf3x.o)
                0x0000000000000410                __mulsf3x
                0x0000000000000416                __mulsf3_pse
 .text.avr-libc.fplib
                0x00000000000004c4        0xc /usr/local/Cellar/avr-gcc/7.2.0/lib/avr-gcc/7/gcc/avr/7.2.0/../../../../../../avr/lib/avr5/libm.a(fp_inf.o)
                0x00000000000004c4                __fp_inf
 .text.avr-libc.fplib
                0x00000000000004d0        0x6 /usr/local/Cellar/avr-gcc/7.2.0/lib/avr-gcc/7/gcc/avr/7.2.0/../../../../../../avr/lib/avr5/libm.a(fp_nan.o)
                0x00000000000004d0                __fp_nan
 .text.avr-libc.fplib
                0x00000000000004d6        0xe /usr/local/Cellar/avr-gcc/7.2.0/lib/avr-gcc/7/gcc/avr/7.2.0/../../../../../../avr/lib/avr5/libm.a(fp_pscA.o)
                0x00000000000004d6                __fp_pscA
 .text.avr-libc.fplib
                0x00000000000004e4        0xe /usr/local/Cellar/avr-gcc/7.2.0/lib/avr-gcc/7/gcc/avr/7.2.0/../../../../../../avr/lib/avr5/libm.a(fp_pscB.o)
                0x00000000000004e4                __fp_pscB
 .text.avr-libc.fplib
                0x00000000000004f2       0x22 /usr/local/Cellar/avr-gcc/7.2.0/lib/avr-gcc/7/gcc/avr/7.2.0/../../../../../../avr/lib/avr5/libm.a(fp_round.o)
                0x00000000000004f2                __fp_round
                0x0000000000000514                . = ALIGN (0x2)
 *(.fini9)
 .fini9         0x0000000000000514        0x0 /usr/local/Cellar/avr-gcc/7.2.0/lib/avr-gcc/7/gcc/avr/7.2.0/avr5/libgcc.a(_exit.o)
                0x0000000000000514                exit
                0x0000000000000514                _exit
 *(.fini9)
 *(.fini8)
 *(.fini8)
 *(.fini7)
 *(.fini7)
 *(.fini6)
 *(.fini6)
 *(.fini5)
 *(.fini5)
 *(.fini4)
 *(.fini4)
 *(.fini3)
 *(.fini3)
 *(.fini2)
 *(.fini2)
 *(.fini1)
 *(.fini1)
 *(.fini0)
 .fini0         0x0000000000000514        0x4 /usr/local/Cellar/avr-gcc/7.2.0/lib/avr-gcc/7/gcc/avr/7.2.0/avr5/libgcc.a(_exit.o)
 *(.fini0)
 *(.hightext)
 *(.hightext*)
                0x0000000000000518                . = ALIGN (0x2)
 *(.jumptables)
 *(.jumptables*)
                0x0000000000000518                _etext = .

.data           0x0000000000800100       0x44 load address 0x0000000000000518
                0x0000000000800100                PROVIDE (__data_start, .)
 *(.data)
 *(.data*)
 *(.gnu.linkonce.d*)
 *(.rodata)
 *(.rodata*)
 .rodata.__vector_11.str1.1
                0x0000000000800100        0x3 main.o
                                          0x5 (size before relaxing)
 .rodata.main.str1.1
                0x0000000000800103       0x40 main.o
 *(.gnu.linkonce.r*)
                0x0000000000800144                . = ALIGN (0x2)
 *fill*         0x0000000000800143        0x1 
                0x0000000000800144                _edata = .
                0x0000000000800144                PROVIDE (__data_end, .)

.bss            0x0000000000800144        0x1
                0x0000000000800144                PROVIDE (__bss_start, .)
 *(.bss)
 *(.bss*)
 .bss.serial_position_setpoint
                0x0000000000800144        0x1 main.o
                0x0000000000800144                serial_position_setpoint
 *(COMMON)
                0x0000000000800145                PROVIDE (__bss_end, .)
                0x0000000000000518                __data_load_start = LOADADDR (.data)
                0x000000000000055c                __data_load_end = (__data_load_start + SIZEOF (.data))

.noinit         0x0000000000800145        0x0
                [!provide]                        PROVIDE (__noinit_start, .)
 *(.noinit*)
                [!provide]                        PROVIDE (__noinit_end, .)
                0x0000000000800145                _end = .
                [!provide]                        PROVIDE (__heap_start, .)

.eeprom         0x0000000000810000        0x0
 *(.eeprom*)
                0x0000000000810000                __eeprom_end = .

.fuse
 *(.fuse)
 *(.lfuse)
 *(.hfuse)
 *(.efuse)

.lock
 *(.lock*)

.signature
 *(.signature*)

.stab
 *(.stab)

.stabstr
 *(.stabstr)

.stab.excl
 *(.stab.excl)

.stab.exclstr
 *(.stab.exclstr)

.stab.index
 *(.stab.index)

.stab.indexstr
 *(.stab.indexstr)

.comment        0x0000000000000000       0x11
 *(.comment)
 .comment       0x0000000000000000       0x11 main.o
                                         0x12 (size before relaxing)
 .comment       0x0000000000000011       0x12 libraries/USART.o

.note.gnu.avr.deviceinfo
                0x0000000000000000       0x40
 .note.gnu.avr.deviceinfo
                0x0000000000000000       0x40 /usr/local/Cellar/avr-gcc/7.2.0/lib/avr-gcc/7/gcc/avr/7.2.0/../../../../../../avr/lib/avr5/crtatmega328p.o

.note.gnu.build-id
 *(.note.gnu.build-id)

.debug
 *(.debug)

.line
 *(.line)

.debug_srcinfo
 *(.debug_srcinfo)

.debug_sfnames
 *(.debug_sfnames)

.debug_aranges  0x0000000000000000      0x110
 *(.debug_aranges)
 .debug_aranges
                0x0000000000000000       0x40 main.o
 .debug_aranges
                0x0000000000000040       0x70 libraries/USART.o
 .debug_aranges
                0x00000000000000b0       0x20 /usr/local/Cellar/avr-gcc/7.2.0/lib/avr-gcc/7/gcc/avr/7.2.0/avr5/libgcc.a(_exit.o)
 .debug_aranges
                0x00000000000000d0       0x20 /usr/local/Cellar/avr-gcc/7.2.0/lib/avr-gcc/7/gcc/avr/7.2.0/avr5/libgcc.a(_copy_data.o)
 .debug_aranges
                0x00000000000000f0       0x20 /usr/local/Cellar/avr-gcc/7.2.0/lib/avr-gcc/7/gcc/avr/7.2.0/avr5/libgcc.a(_clear_bss.o)

.debug_pubnames
 *(.debug_pubnames)

.debug_info     0x0000000000000000      0xc4b
 *(.debug_info .gnu.linkonce.wi.*)
 .debug_info    0x0000000000000000      0x5f4 /usr/local/Cellar/avr-gcc/7.2.0/lib/avr-gcc/7/gcc/avr/7.2.0/../../../../../../avr/lib/avr5/crtatmega328p.o
 .debug_info    0x00000000000005f4      0x247 main.o
 .debug_info    0x000000000000083b      0x39e libraries/USART.o
 .debug_info    0x0000000000000bd9       0x26 /usr/local/Cellar/avr-gcc/7.2.0/lib/avr-gcc/7/gcc/avr/7.2.0/avr5/libgcc.a(_exit.o)
 .debug_info    0x0000000000000bff       0x26 /usr/local/Cellar/avr-gcc/7.2.0/lib/avr-gcc/7/gcc/avr/7.2.0/avr5/libgcc.a(_copy_data.o)
 .debug_info    0x0000000000000c25       0x26 /usr/local/Cellar/avr-gcc/7.2.0/lib/avr-gcc/7/gcc/avr/7.2.0/avr5/libgcc.a(_clear_bss.o)

.debug_abbrev   0x0000000000000000      0x804
 *(.debug_abbrev)
 .debug_abbrev  0x0000000000000000      0x5a2 /usr/local/Cellar/avr-gcc/7.2.0/lib/avr-gcc/7/gcc/avr/7.2.0/../../../../../../avr/lib/avr5/crtatmega328p.o
 .debug_abbrev  0x00000000000005a2       0xf0 main.o
 .debug_abbrev  0x0000000000000692      0x136 libraries/USART.o
 .debug_abbrev  0x00000000000007c8       0x14 /usr/local/Cellar/avr-gcc/7.2.0/lib/avr-gcc/7/gcc/avr/7.2.0/avr5/libgcc.a(_exit.o)
 .debug_abbrev  0x00000000000007dc       0x14 /usr/local/Cellar/avr-gcc/7.2.0/lib/avr-gcc/7/gcc/avr/7.2.0/avr5/libgcc.a(_copy_data.o)
 .debug_abbrev  0x00000000000007f0       0x14 /usr/local/Cellar/avr-gcc/7.2.0/lib/avr-gcc/7/gcc/avr/7.2.0/avr5/libgcc.a(_clear_bss.o)

.debug_line     0x0000000000000000      0x64d
 *(.debug_line .debug_line.* .debug_line_end)
 .debug_line    0x0000000000000000       0x1d /usr/local/Cellar/avr-gcc/7.2.0/lib/avr-gcc/7/gcc/avr/7.2.0/../../../../../../avr/lib/avr5/crtatmega328p.o
 .debug_line    0x000000000000001d      0x203 main.o
 .debug_line    0x0000000000000220      0x2b0 libraries/USART.o
 .debug_line    0x00000000000004d0       0x61 /usr/local/Cellar/avr-gcc/7.2.0/lib/avr-gcc/7/gcc/avr/7.2.0/avr5/libgcc.a(_exit.o)
 .debug_line    0x0000000000000531       0x97 /usr/local/Cellar/avr-gcc/7.2.0/lib/avr-gcc/7/gcc/avr/7.2.0/avr5/libgcc.a(_copy_data.o)
 .debug_line    0x00000000000005c8       0x85 /usr/local/Cellar/avr-gcc/7.2.0/lib/avr-gcc/7/gcc/avr/7.2.0/avr5/libgcc.a(_clear_bss.o)

.debug_frame    0x0000000000000000      0x1f4
 *(.debug_frame)
 .debug_frame   0x0000000000000000       0xac main.o
 .debug_frame   0x00000000000000ac      0x148 libraries/USART.o

.debug_str      0x0000000000000000      0x586
 *(.debug_str)
 .debug_str     0x0000000000000000      0x208 /usr/local/Cellar/avr-gcc/7.2.0/lib/avr-gcc/7/gcc/avr/7.2.0/../../../../../../avr/lib/avr5/crtatmega328p.o
 .debug_str     0x0000000000000208      0x1f2 main.o
                                        0x22b (size before relaxing)
 .debug_str     0x00000000000003fa      0x10a libraries/USART.o
                                        0x26d (size before relaxing)
 .debug_str     0x0000000000000504       0x82 /usr/local/Cellar/avr-gcc/7.2.0/lib/avr-gcc/7/gcc/avr/7.2.0/avr5/libgcc.a(_exit.o)
 .debug_str     0x0000000000000586       0x82 /usr/local/Cellar/avr-gcc/7.2.0/lib/avr-gcc/7/gcc/avr/7.2.0/avr5/libgcc.a(_copy_data.o)
 .debug_str     0x0000000000000586       0x82 /usr/local/Cellar/avr-gcc/7.2.0/lib/avr-gcc/7/gcc/avr/7.2.0/avr5/libgcc.a(_clear_bss.o)

.debug_loc      0x0000000000000000      0x3a4
 *(.debug_loc)
 .debug_loc     0x0000000000000000      0x3a4 libraries/USART.o

.debug_macinfo
 *(.debug_macinfo)

.debug_weaknames
 *(.debug_weaknames)

.debug_funcnames
 *(.debug_funcnames)

.debug_typenames
 *(.debug_typenames)

.debug_varnames
 *(.debug_varnames)

.debug_pubtypes
 *(.debug_pubtypes)

.debug_ranges   0x0000000000000000       0x90
 *(.debug_ranges)
 .debug_ranges  0x0000000000000000       0x30 main.o
 .debug_ranges  0x0000000000000030       0x60 libraries/USART.o

.debug_macro
 *(.debug_macro)

.debug_addr
 *(.debug_addr)
OUTPUT(main.elf elf32-avr)
LOAD linker stubs
